"","bulla"
"29-B1",0.527643852845614
"30-B1",0.59611260436921
"31-B2",0.420896173358125
"32-B3",0.407807563294222
"33-B1",0.150315735837382
"34-B1",0.0326762564375777
"35-B2",0.395651223776224
"36-B3",0.522078515227636
"37-B1",0.5377107364685
"38-B2",0.618944736591795
"39-B3",0.548409314835655
"40-B1",0.495069033530572
"41-B2",0.615019305019305
"42-B3",0.499336674528302
"44-B2",0.260060629026146
"45-B3",0.481747545910917
"46-B1",0.465224111282844
"47-B2",0.190033783783784
"48-B3",0.509022532911613
"49-B1",0.576584901433692
"50-B2",0.499765931896359
"52-B1",0.382986071140785
"53-B2",0.371226645287228
"54-B3",0.14200488997555
